*** EVALUATION ***
PROGRAM "Lab3.abs"

*********************************************************************************************
TARGET SECTION
---------------------------------------------------------------------------------------------
Processor   : Freescale HC08
Memory Model: SMALL
File Format : ELF\DWARF 2.0
Linker      : SmartLinker V-5.0.51 Build 14019, Jan 20 2014

*********************************************************************************************
FILE SECTION
---------------------------------------------------------------------------------------------
main_asm.obj                            Model: SMALL,         Lang: Assembler

*********************************************************************************************
STARTUP SECTION
---------------------------------------------------------------------------------------------
Entry point: 0xE00E (_Startup)

*********************************************************************************************
SECTION-ALLOCATION SECTION
Section Name                    Size  Type     From       To       Segment
---------------------------------------------------------------------------------------------
main_asm__ORG00001                26   R/W       0x60       0x79   .absSeg0
main_asm__ORG00002              1992     R     0xE000     0xE7C7   .absSeg1
.stack                            64   R/W      0x100      0x13F   RAM
.vectSeg2_vect                     2     R     0xFFE6     0xFFE7   .vectSeg2
.vectSeg3_vect                     2     R     0xFFFE     0xFFFF   .vectSeg3

Summary of section sizes per section type:
READ_ONLY (R):         7CC (dec:     1996)
READ_WRITE (R/W):       5A (dec:       90)

*********************************************************************************************
VECTOR-ALLOCATION SECTION
    Address     InitValue   InitFunction
---------------------------------------------------------------------------------------------
     0xFFE6        0xE05A   interrupt
     0xFFFE        0xE00E   _Startup

*********************************************************************************************
OBJECT-ALLOCATION SECTION
     Name               Module                 Addr   hSize   dSize     Ref    Section   RLIB
---------------------------------------------------------------------------------------------
MODULE:                 -- main_asm.obj --
- PROCEDURES:
     lm19val                                   E000       2       2       0   .init       
     ascii                                     E002       A      10       0   .init       
     TEMP_CONST_HIGH                           E00C       1       1       0   .init       
     TEMP_CONST_LOW                            E00D       1       1       0   .init       
     _Startup                                  E00E      3E      62       0   .init       
     main                                      E00E       0       0       0   .init       
     mainLoop                                  E04C       E      14       0   .init       
     interrupt                                 E05A       A      10       0   .init       
     toggle                                    E064       B      11       0   .init       
     led                                       E06F      15      21       0   .init       
     runA                                      E084       5       5       0   .init       
     runB                                      E089       5       5       0   .init       
     runC                                      E08E       5       5       0   .init       
     runD                                      E093       5       5       0   .init       
     poll                                      E098      99     153       0   .init       
     run3                                      E131       6       6       0   .init       
     run6                                      E137       6       6       0   .init       
     run9                                      E13D       6       6       0   .init       
     runHash                                   E143       6       6       0   .init       
     run1                                      E149       6       6       0   .init       
     run4                                      E14F       6       6       0   .init       
     run7                                      E155       6       6       0   .init       
     runStar                                   E15B       6       6       0   .init       
     run2                                      E161       6       6       0   .init       
     run5                                      E167       6       6       0   .init       
     run8                                      E16D       6       6       0   .init       
     run0                                      E173       6       6       0   .init       
     initLCD                                   E179      9D     157       0   .init       
     clear                                     E216      1F      31       0   .init       
     reset                                     E235      6F     111       0   .init       
     lcd_addr                                  E2A4      17      23       0   .init       
     lcd_write                                 E2BB      13      19       0   .init       
     delay                                     E2CE       4       4       0   .init       
     d                                         E2D2      30      48       0   .init       
     delay10                                   E302     111     273       0   .init       
     charB                                     E413      13      19       0   .init       
     charC                                     E426      13      19       0   .init       
     charD                                     E439      26      38       0   .init       
     charF                                     E45F      1C      28       0   .init       
     tensplace                                 E47B       D      13       0   .init       
     takeData                                  E488      65     101       0   .init       
     continue                                  E4ED       A      10       0   .init       
     checkloop                                 E4F7      1B      27       0   .init       
     tensplace1                                E512       D      13       0   .init       
     writeit                                   E51F     237     567       0   .init       
     calculate_int_temp                        E756      3D      61       0   .init       
     high_slope                                E793      1D      29       0   .init       
     calc_int                                  E7B0       8       8       0   .init       
     inc_int                                   E7B8       D      13       0   .init       
     done_int                                  E7C5       3       3       0   .init       
- VARIABLES:
     count0                                      60       1       1       0   .text       
     value                                       61       1       1       0   .text       
     temp                                        62       1       1       0   .text       
     tempa                                       63       1       1       0   .text       
     tempb                                       64       1       1       0   .text       
     tempc                                       65       1       1       0   .text       
     tempd                                       66       1       1       0   .text       
     tempe                                       67       1       1       0   .text       
     tempf                                       68       1       1       0   .text       
     tempg                                       69       1       1       0   .text       
     temph                                       6A       1       1       0   .text       
     tempi                                       6B       1       1       0   .text       
     tempj                                       6C       1       1       0   .text       
     tempASCII                                   6D       1       1       0   .text       
     count1                                      6E       1       1       0   .text       
     ledVal1                                     6F       1       1       0   .text       
     ledVal2                                     70       1       1       0   .text       
     sub_low                                     71       1       1       0   .text       
     sub_high                                    72       1       1       0   .text       
     div_result                                  73       1       1       0   .text       
     neg_flag                                    74       1       1       0   .text       
     CHAR_VAR                                    75       1       1       0   .text       
     MSG_COUNTER                                 76       1       1       0   .text       
     ddiv_result                                 77       1       1       0   .text       
     highvar                                     78       1       1       0   .text       
     lowvar                                      79       1       1       0   .text       

*********************************************************************************************
MODULE STATISTIC
  Name                                      Data   Code  Const
---------------------------------------------------------------------------------------------
  main_asm.obj                                26   1992      0
  other                                       64      4      0

*********************************************************************************************
SECTION USE IN OBJECT-ALLOCATION SECTION
---------------------------------------------------------------------------------------------
SECTION: ".text"
  count0 value temp tempa tempb tempc tempd tempe tempf tempg temph tempi 
  tempj tempASCII count1 ledVal1 ledVal2 sub_low sub_high div_result neg_flag 
  CHAR_VAR MSG_COUNTER ddiv_result highvar lowvar 
SECTION: ".init"
  lm19val ascii TEMP_CONST_HIGH TEMP_CONST_LOW main _Startup mainLoop 
  interrupt toggle led runA runB runC runD poll run3 run6 run9 runHash run1 
  run4 run7 runStar run2 run5 run8 run0 initLCD clear reset lcd_addr lcd_write 
  delay d delay10 charB charC charD charF tensplace takeData continue checkloop 
  tensplace1 writeit calculate_int_temp high_slope calc_int inc_int done_int 

*********************************************************************************************
OBJECT LIST SORTED BY ADDRESS
     Name                                      Addr   hSize   dSize     Ref    Section   RLIB
---------------------------------------------------------------------------------------------
     count0                                      60       1       1       0   .text       
     value                                       61       1       1       0   .text       
     temp                                        62       1       1       0   .text       
     tempa                                       63       1       1       0   .text       
     tempb                                       64       1       1       0   .text       
     tempc                                       65       1       1       0   .text       
     tempd                                       66       1       1       0   .text       
     tempe                                       67       1       1       0   .text       
     tempf                                       68       1       1       0   .text       
     tempg                                       69       1       1       0   .text       
     temph                                       6A       1       1       0   .text       
     tempi                                       6B       1       1       0   .text       
     tempj                                       6C       1       1       0   .text       
     tempASCII                                   6D       1       1       0   .text       
     count1                                      6E       1       1       0   .text       
     ledVal1                                     6F       1       1       0   .text       
     ledVal2                                     70       1       1       0   .text       
     sub_low                                     71       1       1       0   .text       
     sub_high                                    72       1       1       0   .text       
     div_result                                  73       1       1       0   .text       
     neg_flag                                    74       1       1       0   .text       
     CHAR_VAR                                    75       1       1       0   .text       
     MSG_COUNTER                                 76       1       1       0   .text       
     ddiv_result                                 77       1       1       0   .text       
     highvar                                     78       1       1       0   .text       
     lowvar                                      79       1       1       0   .text       
     lm19val                                   E000       2       2       0   .init       
     ascii                                     E002       A      10       0   .init       
     TEMP_CONST_HIGH                           E00C       1       1       0   .init       
     TEMP_CONST_LOW                            E00D       1       1       0   .init       
     main                                      E00E       0       0       0   .init       
     _Startup                                  E00E      3E      62       0   .init       
     mainLoop                                  E04C       E      14       0   .init       
     interrupt                                 E05A       A      10       0   .init       
     toggle                                    E064       B      11       0   .init       
     led                                       E06F      15      21       0   .init       
     runA                                      E084       5       5       0   .init       
     runB                                      E089       5       5       0   .init       
     runC                                      E08E       5       5       0   .init       
     runD                                      E093       5       5       0   .init       
     poll                                      E098      99     153       0   .init       
     run3                                      E131       6       6       0   .init       
     run6                                      E137       6       6       0   .init       
     run9                                      E13D       6       6       0   .init       
     runHash                                   E143       6       6       0   .init       
     run1                                      E149       6       6       0   .init       
     run4                                      E14F       6       6       0   .init       
     run7                                      E155       6       6       0   .init       
     runStar                                   E15B       6       6       0   .init       
     run2                                      E161       6       6       0   .init       
     run5                                      E167       6       6       0   .init       
     run8                                      E16D       6       6       0   .init       
     run0                                      E173       6       6       0   .init       
     initLCD                                   E179      9D     157       0   .init       
     clear                                     E216      1F      31       0   .init       
     reset                                     E235      6F     111       0   .init       
     lcd_addr                                  E2A4      17      23       0   .init       
     lcd_write                                 E2BB      13      19       0   .init       
     delay                                     E2CE       4       4       0   .init       
     d                                         E2D2      30      48       0   .init       
     delay10                                   E302     111     273       0   .init       
     charB                                     E413      13      19       0   .init       
     charC                                     E426      13      19       0   .init       
     charD                                     E439      26      38       0   .init       
     charF                                     E45F      1C      28       0   .init       
     tensplace                                 E47B       D      13       0   .init       
     takeData                                  E488      65     101       0   .init       
     continue                                  E4ED       A      10       0   .init       
     checkloop                                 E4F7      1B      27       0   .init       
     tensplace1                                E512       D      13       0   .init       
     writeit                                   E51F     237     567       0   .init       
     calculate_int_temp                        E756      3D      61       0   .init       
     high_slope                                E793      1D      29       0   .init       
     calc_int                                  E7B0       8       8       0   .init       
     inc_int                                   E7B8       D      13       0   .init       
     done_int                                  E7C5       3       3       0   .init       

*********************************************************************************************
UNUSED-OBJECTS SECTION
---------------------------------------------------------------------------------------------

*********************************************************************************************
COPYDOWN SECTION
---------------------------------------------------------------------------------------------

*********************************************************************************************
OBJECT-DEPENDENCIES SECTION
---------------------------------------------------------------------------------------------

*********************************************************************************************
DEPENDENCY TREE
*********************************************************************************************
 main and _Startup Group
 | 
 +- main                
 |    
 +- _Startup            
      
*********************************************************************************************
STATISTIC SECTION
---------------------------------------------------------------------------------------------

ExeFile:
--------
Number of blocks to be downloaded: 3
Total size of all blocks to be downloaded: 1996

