*** EVALUATION ***
PROGRAM "Lab4.abs"

*********************************************************************************************
TARGET SECTION
---------------------------------------------------------------------------------------------
Processor   : Freescale HC08
Memory Model: SMALL
File Format : ELF\DWARF 2.0
Linker      : SmartLinker V-5.0.51 Build 14019, Jan 20 2014

*********************************************************************************************
FILE SECTION
---------------------------------------------------------------------------------------------
main_asm.obj                            Model: SMALL,         Lang: Assembler

*********************************************************************************************
STARTUP SECTION
---------------------------------------------------------------------------------------------
Entry point: 0xE002 (_Startup)

*********************************************************************************************
SECTION-ALLOCATION SECTION
Section Name                    Size  Type     From       To       Segment
---------------------------------------------------------------------------------------------
main_asm__ORG00001                18   R/W       0x60       0x71   .absSeg0
main_asm__ORG00002                56     R     0xE000     0xE037   .absSeg1
.stack                            64   R/W      0x100      0x13F   RAM
.vectSeg2_vect                     4     R     0xFFDE     0xFFE1   .vectSeg2
.vectSeg3_vect                     2     R     0xFFFE     0xFFFF   .vectSeg3

Summary of section sizes per section type:
READ_ONLY (R):          3E (dec:       62)
READ_WRITE (R/W):       52 (dec:       82)

*********************************************************************************************
VECTOR-ALLOCATION SECTION
    Address     InitValue   InitFunction
---------------------------------------------------------------------------------------------
     0xFFDE        0xE02B   transmitData
     0xFFE0        0xE021   receiveData
     0xFFFE        0xE002   _Startup

*********************************************************************************************
OBJECT-ALLOCATION SECTION
     Name               Module                 Addr   hSize   dSize     Ref    Section   RLIB
---------------------------------------------------------------------------------------------
MODULE:                 -- main_asm.obj --
- PROCEDURES:
     lm19val                                   E000       2       2       0   .init       
     _Startup                                  E002      1C      28       0   .init       
     main                                      E002       0       0       0   .init       
     mainLoop                                  E01E       3       3       0   .init       
     receiveData                               E021       A      10       0   .init       
     transmitData                              E02B       D      13       0   .init       
- VARIABLES:
     data                                        60      12      18       0   .text       

*********************************************************************************************
MODULE STATISTIC
  Name                                      Data   Code  Const
---------------------------------------------------------------------------------------------
  main_asm.obj                                18     56      0
  other                                       64      6      0

*********************************************************************************************
SECTION USE IN OBJECT-ALLOCATION SECTION
---------------------------------------------------------------------------------------------
SECTION: ".text"
  data 
SECTION: ".init"
  lm19val main _Startup mainLoop receiveData transmitData 

*********************************************************************************************
OBJECT LIST SORTED BY ADDRESS
     Name                                      Addr   hSize   dSize     Ref    Section   RLIB
---------------------------------------------------------------------------------------------
     data                                        60      12      18       0   .text       
     lm19val                                   E000       2       2       0   .init       
     main                                      E002       0       0       0   .init       
     _Startup                                  E002      1C      28       0   .init       
     mainLoop                                  E01E       3       3       0   .init       
     receiveData                               E021       A      10       0   .init       
     transmitData                              E02B       D      13       0   .init       

*********************************************************************************************
UNUSED-OBJECTS SECTION
---------------------------------------------------------------------------------------------

*********************************************************************************************
COPYDOWN SECTION
---------------------------------------------------------------------------------------------

*********************************************************************************************
OBJECT-DEPENDENCIES SECTION
---------------------------------------------------------------------------------------------

*********************************************************************************************
DEPENDENCY TREE
*********************************************************************************************
 main and _Startup Group
 | 
 +- main                
 |    
 +- _Startup            
      
*********************************************************************************************
STATISTIC SECTION
---------------------------------------------------------------------------------------------

ExeFile:
--------
Number of blocks to be downloaded: 3
Total size of all blocks to be downloaded: 62

